[Bootstrap]
SetupTitle=Install
SetupText=Copying Files, please stand by.
CabFile=pagemaster.CAB
Spawn=Setup1.exe
Uninstal=st6unst.exe
TmpDir=msftqws.pdw
Cabs=1

[Bootstrap Files]
File1=@VB6STKIT.DLL,$(WinSysPathSysFile),,,7/15/00 12:00:00 AM,101888,6.0.84.50
File2=@COMCAT.DLL,$(WinSysPathSysFile),$(DLLSelfRegister),,5/31/98 12:00:00 AM,22288,4.71.1460.1
File3=@STDOLE2.TLB,$(WinSysPathSysFile),$(TLBRegister),,6/3/99 12:00:00 AM,17920,2.40.4275.1
File4=@ASYCFILT.DLL,$(WinSysPathSysFile),,,3/8/99 12:00:00 AM,147728,2.40.4275.1
File5=@OLEPRO32.DLL,$(WinSysPathSysFile),$(DLLSelfRegister),,3/8/99 12:00:00 AM,164112,5.0.4275.1
File6=@OLEAUT32.DLL,$(WinSysPathSysFile),$(DLLSelfRegister),,4/12/00 12:00:00 AM,598288,2.40.4275.1
File7=@msvbvm60.dll,$(WinSysPathSysFile),$(DLLSelfRegister),,8/21/00 12:00:00 AM,1388544,6.0.89.64

[IconGroups]
Group0=PageMaster 1.0 Full
PrivateGroup0=-1
Parent0=$(Programs)

[PageMaster 1.0 Full]
Icon1="ajuda\ajuda.htm"
Title1=Ajuda PageMaster
StartIn1=$(AppPath)\Page Master
Icon2="pagemaster.exe"
Title2=PageMaster 1.0 Full
StartIn2=$(AppPath)

[Setup]
Title=PageMaster 1.0 Full
DefaultDir=$(ProgramFiles)\Page Master
AppExe=pagemaster.exe
AppToUninstall=pagemaster.exe
Color=8

[Setup1 Files]
File1=@voltatodos.gif,$(AppPath)\ajuda,,,4/4/02 7:33:48 PM,895,0.0.0.0
File2=@vemum.gif,$(AppPath)\ajuda,,,4/4/02 7:34:40 PM,884,0.0.0.0
File3=@vaium.gif,$(AppPath)\ajuda,,,4/4/02 7:33:06 PM,886,0.0.0.0
File4=@todos.gif,$(AppPath)\ajuda,,,4/4/02 7:26:56 PM,890,0.0.0.0
File5=@symble_asterisk_blue.gif,$(AppPath)\ajuda,,,7/25/01 1:26:42 AM,1204,0.0.0.0
File6=@path.jpg,$(AppPath)\ajuda,,,4/2/02 9:51:56 PM,9564,0.0.0.0
File7=@path,$(AppPath)\ajuda,,,4/2/02 9:56:18 PM,25527,0.0.0.0
File8=@pagemaster.jpg,$(AppPath)\ajuda,,,4/2/02 8:44:28 PM,1334,0.0.0.0
File9=@padrao.css,$(AppPath)\ajuda,,,4/2/02 9:15:24 PM,295,0.0.0.0
File10=@img9.jpg,$(AppPath)\ajuda,,,4/4/02 9:44:24 PM,5902,0.0.0.0
File11=@img8.jpg,$(AppPath)\ajuda,,,4/4/02 9:26:44 PM,8892,0.0.0.0
File12=@img7.jpg,$(AppPath)\ajuda,,,4/4/02 8:07:48 PM,12970,0.0.0.0
File13=@img6.jpg,$(AppPath)\ajuda,,,4/4/02 7:40:20 PM,31137,0.0.0.0
File14=@img6.gif,$(AppPath)\ajuda,,,4/4/02 10:12:04 PM,13335,0.0.0.0
File15=@img2.jpg,$(AppPath)\ajuda,,,4/2/02 10:06:10 PM,24297,0.0.0.0
File16=@img12.jpg,$(AppPath)\ajuda,,,4/4/02 9:58:34 PM,4582,0.0.0.0
File17=@img11.jpg,$(AppPath)\ajuda,,,4/4/02 9:57:24 PM,140209,0.0.0.0
File18=@img10.jpg,$(AppPath)\ajuda,,,4/4/02 9:48:52 PM,5714,0.0.0.0
File19=@img1.jpg,$(AppPath)\ajuda,,,4/5/02 7:25:22 PM,6374,0.0.0.0
File20=@iaparencia.jpg,$(AppPath)\ajuda,,,4/4/02 9:51:54 PM,91391,0.0.0.0
File21=@frmAspII.htm,$(AppPath)\ajuda,,,4/5/02 7:22:12 PM,10772,0.0.0.0
File22=@frmAsp.htm,$(AppPath)\ajuda,,,4/4/02 10:18:26 PM,16332,0.0.0.0
File23=@campo1.jpg,$(AppPath)\ajuda,,,4/4/02 7:57:54 PM,1645,0.0.0.0
File24=@caminho.htm,$(AppPath)\ajuda,,,4/3/02 9:42:10 PM,1672,0.0.0.0
File25=@caixa1.jpg,$(AppPath)\ajuda,,,4/4/02 7:58:52 PM,2800,0.0.0.0
File26=@barra03.jpg,$(AppPath)\ajuda,,,4/2/02 9:36:08 PM,9734,0.0.0.0
File27=@barra02.jpg,$(AppPath)\ajuda,,,4/2/02 9:33:32 PM,8485,0.0.0.0
File28=@barra01.jpg,$(AppPath)\ajuda,,,4/2/02 9:22:46 PM,7996,0.0.0.0
File29=@aspmailII.htm,$(AppPath)\ajuda,,,4/5/02 8:28:10 PM,4710,0.0.0.0
File30=@aspmail.htm,$(AppPath)\ajuda,,,4/5/02 8:24:40 PM,12144,0.0.0.0
File31=@asp7.jpg,$(AppPath)\ajuda,,,4/5/02 8:28:04 PM,92166,0.0.0.0
File32=@asp6.jpg,$(AppPath)\ajuda,,,4/5/02 8:22:24 PM,5992,0.0.0.0
File33=@asp5.jpg,$(AppPath)\ajuda,,,4/5/02 8:06:12 PM,5964,0.0.0.0
File34=@asp4.jpg,$(AppPath)\ajuda,,,4/5/02 7:57:44 PM,40907,0.0.0.0
File35=@asp3.jpg,$(AppPath)\ajuda,,,4/5/02 7:55:42 PM,10912,0.0.0.0
File36=@asp2.jpg,$(AppPath)\ajuda,,,4/5/02 7:51:46 PM,4796,0.0.0.0
File37=@asp1.jpg,$(AppPath)\ajuda,,,4/5/02 7:54:28 PM,112117,0.0.0.0
File38=@asp1.gif,$(AppPath)\ajuda,,,4/5/02 7:26:56 PM,8283,0.0.0.0
File39=@apresenta.htm,$(AppPath)\ajuda,,,4/4/02 7:15:08 PM,13600,0.0.0.0
File40=@ajuda.jpg,$(AppPath)\ajuda,,,4/2/02 9:00:26 PM,13764,0.0.0.0
File41=@ajuda.htm,$(AppPath)\ajuda,,$(Shared),4/5/02 7:30:36 PM,3671,0.0.0.0
File42=@abrir.jpg,$(AppPath)\ajuda,,,4/4/02 7:18:16 PM,18663,0.0.0.0
File43=@campos.mdb,$(AppPath),,,7/17/02 8:42:34 PM,131072,0.0.0.0
File44=@edit.gif,$(AppPath)\images,,,8/28/01 1:34:58 PM,210,0.0.0.0
File45=@delete.gif,$(AppPath)\images,,,8/28/01 1:35:00 PM,325,0.0.0.0
File46=@MDAC_TYP.EXE,$(AppPath),,,1/20/00 12:00:00 AM,7856352,25.0.4403.12
File47=@nslock15vb6.ocx,$(WinSysPath),$(DLLSelfRegister),$(Shared),3/24/99 12:10:32 PM,102400,1.5.0.5
File48=@MSCOMCTL.OCX,$(WinSysPath),$(DLLSelfRegister),$(Shared),5/22/00 12:00:00 AM,1066176,6.0.88.62
File49=@COMDLG32.OCX,$(WinSysPath),$(DLLSelfRegister),$(Shared),5/22/00 12:00:00 AM,140488,6.0.84.18
File50=@RDOCURS.DLL,$(WinSysPath),,$(Shared),8/2/00 12:00:00 AM,151552,6.0.88.4
File51=@MSRDO20.DLL,$(WinSysPath),$(DLLSelfRegister),$(Shared),8/2/00 12:00:00 AM,397312,6.0.88.62
File52=@MSCDRUN.DLL,$(CommonFiles)\Designer,$(DLLSelfRegister),$(Shared),3/14/00 12:00:00 AM,49152,6.0.88.4
File53=@VB5DB.DLL,$(WinSysPath),,$(Shared),6/18/98 12:00:00 AM,89360,6.0.81.69
File54=@msjtes40.dll,$(WinSysPathSysFile),$(DLLSelfRegister),,4/14/01 6:32:00 AM,241936,4.0.4229.0
File55=@msrepl40.dll,$(WinSysPathSysFile),,,4/14/01 6:32:00 AM,553232,4.0.4331.0
File56=@msrd3x40.dll,$(WinSysPathSysFile),$(DLLSelfRegister),,4/14/01 6:32:00 AM,315664,4.0.4325.0
File57=@msrd2x40.dll,$(WinSysPathSysFile),$(DLLSelfRegister),,4/14/01 6:32:00 AM,422160,4.0.2927.2
File58=@mswdat10.dll,$(WinSysPathSysFile),,,4/14/01 6:32:00 AM,831760,4.0.3829.2
File59=@mswstr10.dll,$(WinSysPathSysFile),,,4/14/01 6:32:00 AM,614672,4.0.3829.2
File60=@expsrv.dll,$(WinSysPathSysFile),,,4/14/01 6:32:00 AM,379152,6.0.0.8540
File61=@vbajet32.dll,$(WinSysPathSysFile),,,4/14/01 6:32:00 AM,30992,6.0.1.8268
File62=@msjint40.dll,$(WinSysPathSysFile),,,4/14/01 6:32:00 AM,176400,4.0.2927.2
File63=@msjter40.dll,$(WinSysPathSysFile),,,4/14/01 6:32:00 AM,53520,4.0.2927.2
File64=@msjet40.dll,$(WinSysPathSysFile),$(DLLSelfRegister),,4/14/01 6:32:00 AM,1503504,4.0.4431.3
File65=@dao360.dll,$(MSDAOPath),$(DLLSelfRegister),$(Shared),4/14/01 6:32:00 AM,557328,3.60.3714.5
File66=@pagemaster.exe,$(AppPath),,,7/17/02 8:39:50 PM,544768,1.0.0.16

; The following lines may be deleted in order to obtain extra 
; space for customizing this file on a full installation diskette.
; 
; XXXXXXXXXXXXXXXXXXXXXXXXXXXXXXXXXXXXXXXXXXXXXXXXXXXXXXXXXXXX
; XXXXXXXXXXXXXXXXXXXXXXXXXXXXXXXXXXXXXXXXXXXXXXXXXXXXXXXXXXXX
; XXXXXXXXXXXXXXXXXXXXXXXXXXXXXXXXXXXXXXXXXXXXXXXXXXXXXXXXXXXX
; XXXXXXXXXXXXXXXXXXXXXXXXXXXXXXXXXXXXXXXXXXXXXXXXXXXXXXXXXXXX
; XXXXXXXXXXXXXXXXXXXXXXXXXXXXXXXXXXXXXXXXXXXXXXXXXXXXXXXXXXXX
; XXXXXXXXXXXXXXXXXXXXXXXXXXXXXXXXXXXXXXXXXXXXXXXXXXXXXXXXXXXX
; XXXXXXXXXXXXXXXXXXXXXXXXXXXXXXXXXXXXXXXXXXXXXXXXXXXXXXXXXXXX
; XXXXXXXXXXXXXXXXXXXXXXXXXXXXXXXXXXXXXXXXXXXXXXXXXXXXXXXXXXXX
; XXXXXXXXXXXXXXXXXXXXXXXXXXXXXXXXXXXXXXXXXXXXXXXXXXXXXXXXXXXX
; XXXXXXXXXXXXXXXXXXXXXXXXXXXXXXXXXXXXXXXXXXXXXXXXXXXXXXXXXXXX
; XXXXXXXXXXXXXXXXXXXXXXXXXXXXXXXXXXXXXXXXXXXXXXXXXXXXXXXXXXXX
; XXXXXXXXXXXXXXXXXXXXXXXXXXXXXXXXXXXXXXXXXXXXXXXXXXXXXXXXXXXX
; XXXXXXXXXXXXXXXXXXXXXXXXXXXXXXXXXXXXXXXXXXXXXXXXXXXXXXXXXXXX
; XXXXXXXXXXXXXXXXXXXXXXXXXXXXXXXXXXXXXXXXXXXXXXXXXXXXXXXXXXXX
; XXXXXXXXXXXXXXXXXXXXXXXXXXXXXXXXXXXXXXXXXXXXXXXXXXXXXXXXXXXX
; XXXXXXXXXXXXXXXXXXXXXXXXXXXXXXXXXXXXXXXXXXXXXXXXXXXXXXXXXXXX
; XXXXXXXXXXXXXXXXXXXXXXXXXXXXXXXXXXXXXXXXXXXXXXXXXXXXXXXXXXXX
; XXXXXXXXXXXXXXXXXXXXXXXXXXXXXXXXXXXXXXXXXXXXXXXXXXXXXXXXXXXX
; XXXXXXXXXXXXXXXXXXXXXXXXXXXXXXXXXXXXXXXXXXXXXXXXXXXXXXXXXXXX
; XXXXXXXXXXXXXXXXXXXXXXXXXXXXXXXXXXXXXXXXXXXXXXXXXXXXXXXXXXXX
; XXXXXXXXXXXXXXXXXXXXXXXXXXXXXXXXXXXXXXXXXXXXXXXXXXXXXXXXXXXX
; XXXXXXXXXXXXXXXXXXXXXXXXXXXXXXXXXXXXXXXXXXXXXXXXXXXXXXXXXXXX
; XXXXXXXXXXXXXXXXXXXXXXXXXXXXXXXXXXXXXXXXXXXXXXXXXXXXXXXXXXXX
; XXXXXXXXXXXXXXXXXXXXXXXXXXXXXXXXXXXXXXXXXXXXXXXXXXXXXXXXXXXX
; XXXXXXXXXXXXXXXXXXXXXXXXXXXXXXXXXXXXXXXXXXXXXXXXXXXXXXXXXXXX
; XXXXXXXXXXXXXXXXXXXXXXXXXXXXXXXXXXXXXXXXXXXXXXXXXXXXXXXXXXXX
; XXXXXXXXXXXXXXXXXXXXXXXXXXXXXXXXXXXXXXXXXXXXXXXXXXXXXXXXXXXX
; XXXXXXXXXXXXXXXXXXXXXXXXXXXXXXXXXXXXXXXXXXXXXXXXXXXXXXXXXXXX
; XXXXXXXXXXXXXXXXXXXXXXXXXXXXXXXXXXXXXXXXXXXXXXXXXXXXXXXXXXXX
; XXXXXXXXXXXXXXXXXXXXXXXXXXXXXXXXXXXXXXXXXXXXXXXXXXXXXXXXXXXX
; XXXXXXXXXXXXXXXXXXXXXXXXXXXXXXXXXXXXXXXXXXXXXXXXXXXXXXXXXXXX
; XXXXXXXXXXXXXXXXXXXXXXXXXXXXXXXXXXXXXXXXXXXXXXXXXXXXXXXXXXXX
; XXXXXXXXXXXXXXXXXXXXXXXXXXXXXXXXXXXXXXXXXXXXXXXXXXXXXXXXXXXX
; XXXXXXXXXXXXXXXXXXXXXXXXXXXXXXXXXXXXXXXXXXXXXXXXXXXXXXXXXXXX
; XXXXXXXXXXXXXXXXXXXXXXXXXXXXXXXXXXXXXXXXXXXXXXXXXXXXXXXXXXXX
